error[E0119]: conflicting implementations of trait `std::clone::Clone` for type `Foo`
  --> $DIR/conflicting_clone.rs:5:10
   |
5  | #[derive(PureClone)]
   |          ^^^^^^^^^ conflicting implementation for `Foo`
...
11 | impl Clone for Foo {
   | ------------------ first implementation here
   |
   = note: this error originates in the derive macro `PureClone` (in Nightly builds, run with -Z macro-backtrace for more info)
